17:05:24 **** Auto Build of configuration Debug for project cnn_sdk ****
make pre-build main-build 
a9-linaro-pre-build-step
' '
'Building file: ../src/helloworld.c'
'Invoking: ARM v7 gcc compiler'
arm-none-eabi-gcc -Wall -O0 -g3 -c -fmessage-length=0 -MT"src/helloworld.o" -mcpu=cortex-a9 -mfpu=vfpv3 -mfloat-abi=hard -I../../cnn_sdk_bsp/ps7_cortexa9_0/include -MMD -MP -MF"src/helloworld.d" -MT"src/helloworld.o" -o "src/helloworld.o" "../src/helloworld.c"
'Finished building: ../src/helloworld.c'
' '
'Building target: cnn_sdk.elf'
'Invoking: ARM v7 gcc linker'
arm-none-eabi-gcc -mcpu=cortex-a9 -mfpu=vfpv3 -mfloat-abi=hard -Wl,-build-id=none -specs=Xilinx.spec -Wl,-T -Wl,../src/lscript.ld -L../../cnn_sdk_bsp/ps7_cortexa9_0/lib -o "cnn_sdk.elf"  ./src/helloworld.o ./src/platform.o   -Wl,--start-group,-lxil,-lgcc,-lc,--end-group
'Finished building target: cnn_sdk.elf'
' '
'Invoking: ARM v7 Print Size'
arm-none-eabi-size cnn_sdk.elf  |tee "cnn_sdk.elf.size"
   text	   data	    bss	    dec	    hex	filename
  82860	   2580	  23328	 108768	  1a8e0	cnn_sdk.elf
'Finished building: cnn_sdk.elf.size'
' '

17:05:26 Build Finished (took 1s.229ms)

