16:34:14 **** Incremental Build of configuration Debug for project cnn_sdk ****
make pre-build main-build 
a9-linaro-pre-build-step
' '
make: Nothing to be done for 'main-build'.
16:35:11 **** Incremental Build of configuration Debug for project cnn_sdk ****
make pre-build main-build 
a9-linaro-pre-build-step
' '
make: Nothing to be done for 'main-build'.
16:41:06 **** Auto Build of configuration Debug for project cnn_sdk ****
make pre-build main-build 
a9-linaro-pre-build-step
' '
'Building file: ../src/helloworld.c'
'Invoking: ARM v7 gcc compiler'
arm-none-eabi-gcc -Wall -O0 -g3 -c -fmessage-length=0 -MT"src/helloworld.o" -mcpu=cortex-a9 -mfpu=vfpv3 -mfloat-abi=hard -I../../cnn_sdk_bsp/ps7_cortexa9_0/include -MMD -MP -MF"src/helloworld.d" -MT"src/helloworld.o" -o "src/helloworld.o" "../src/helloworld.c"
'Finished building: ../src/helloworld.c'
' '
'Building target: cnn_sdk.elf'
'Invoking: ARM v7 gcc linker'
arm-none-eabi-gcc -mcpu=cortex-a9 -mfpu=vfpv3 -mfloat-abi=hard -Wl,-build-id=none -specs=Xilinx.spec -Wl,-T -Wl,../src/lscript.ld -L../../cnn_sdk_bsp/ps7_cortexa9_0/lib -o "cnn_sdk.elf"  ./src/helloworld.o ./src/platform.o   -Wl,--start-group,-lxil,-lgcc,-lc,--end-group
'Finished building target: cnn_sdk.elf'
' '
'Invoking: ARM v7 Print Size'
arm-none-eabi-size cnn_sdk.elf  |tee "cnn_sdk.elf.size"
   text	   data	    bss	    dec	    hex	filename
  75536	   2596	  23328	 101460	  18c54	cnn_sdk.elf
'Finished building: cnn_sdk.elf.size'
' '
16:41:17 **** Incremental Build of configuration Debug for project cnn_sdk ****
make pre-build main-build 
a9-linaro-pre-build-step
' '
make: Nothing to be done for 'main-build'.
16:41:30 **** Incremental Build of configuration Debug for project cnn_sdk ****
make pre-build main-build 
a9-linaro-pre-build-step
' '
make: Nothing to be done for 'main-build'.
16:45:01 **** Auto Build of configuration Debug for project cnn_sdk ****
make pre-build main-build 
a9-linaro-pre-build-step
' '
'Building file: ../src/helloworld.c'
'Invoking: ARM v7 gcc compiler'
arm-none-eabi-gcc -Wall -O0 -g3 -c -fmessage-length=0 -MT"src/helloworld.o" -mcpu=cortex-a9 -mfpu=vfpv3 -mfloat-abi=hard -I../../cnn_sdk_bsp/ps7_cortexa9_0/include -MMD -MP -MF"src/helloworld.d" -MT"src/helloworld.o" -o "src/helloworld.o" "../src/helloworld.c"
'Finished building: ../src/helloworld.c'
' '
'Building target: cnn_sdk.elf'
'Invoking: ARM v7 gcc linker'
arm-none-eabi-gcc -mcpu=cortex-a9 -mfpu=vfpv3 -mfloat-abi=hard -Wl,-build-id=none -specs=Xilinx.spec -Wl,-T -Wl,../src/lscript.ld -L../../cnn_sdk_bsp/ps7_cortexa9_0/lib -o "cnn_sdk.elf"  ./src/helloworld.o ./src/platform.o   -Wl,--start-group,-lxil,-lgcc,-lc,--end-group
'Finished building target: cnn_sdk.elf'
' '
'Invoking: ARM v7 Print Size'
arm-none-eabi-size cnn_sdk.elf  |tee "cnn_sdk.elf.size"
   text	   data	    bss	    dec	    hex	filename
  75536	   2596	  23328	 101460	  18c54	cnn_sdk.elf
'Finished building: cnn_sdk.elf.size'
' '
16:45:06 **** Incremental Build of configuration Debug for project cnn_sdk ****
make pre-build main-build 
a9-linaro-pre-build-step
' '
make: Nothing to be done for 'main-build'.
16:45:17 **** Incremental Build of configuration Debug for project cnn_sdk ****
make pre-build main-build 
a9-linaro-pre-build-step
' '
make: Nothing to be done for 'main-build'.
16:46:29 **** Auto Build of configuration Debug for project cnn_sdk ****
make pre-build main-build 
a9-linaro-pre-build-step
' '
'Building file: ../src/helloworld.c'
'Invoking: ARM v7 gcc compiler'
arm-none-eabi-gcc -Wall -O0 -g3 -c -fmessage-length=0 -MT"src/helloworld.o" -mcpu=cortex-a9 -mfpu=vfpv3 -mfloat-abi=hard -I../../cnn_sdk_bsp/ps7_cortexa9_0/include -MMD -MP -MF"src/helloworld.d" -MT"src/helloworld.o" -o "src/helloworld.o" "../src/helloworld.c"
'Finished building: ../src/helloworld.c'
' '
'Building target: cnn_sdk.elf'
'Invoking: ARM v7 gcc linker'
arm-none-eabi-gcc -mcpu=cortex-a9 -mfpu=vfpv3 -mfloat-abi=hard -Wl,-build-id=none -specs=Xilinx.spec -Wl,-T -Wl,../src/lscript.ld -L../../cnn_sdk_bsp/ps7_cortexa9_0/lib -o "cnn_sdk.elf"  ./src/helloworld.o ./src/platform.o   -Wl,--start-group,-lxil,-lgcc,-lc,--end-group
'Finished building target: cnn_sdk.elf'
' '
'Invoking: ARM v7 Print Size'
arm-none-eabi-size cnn_sdk.elf  |tee "cnn_sdk.elf.size"
   text	   data	    bss	    dec	    hex	filename
  75536	   2596	  23328	 101460	  18c54	cnn_sdk.elf
'Finished building: cnn_sdk.elf.size'
' '
16:46:33 **** Incremental Build of configuration Debug for project cnn_sdk ****
make pre-build main-build 
a9-linaro-pre-build-step
' '
make: Nothing to be done for 'main-build'.
16:46:49 **** Auto Build of configuration Debug for project cnn_sdk ****
make pre-build main-build 
a9-linaro-pre-build-step
' '
'Building file: ../src/helloworld.c'
'Invoking: ARM v7 gcc compiler'
arm-none-eabi-gcc -Wall -O0 -g3 -c -fmessage-length=0 -MT"src/helloworld.o" -mcpu=cortex-a9 -mfpu=vfpv3 -mfloat-abi=hard -I../../cnn_sdk_bsp/ps7_cortexa9_0/include -MMD -MP -MF"src/helloworld.d" -MT"src/helloworld.o" -o "src/helloworld.o" "../src/helloworld.c"
'Finished building: ../src/helloworld.c'
' '
'Building target: cnn_sdk.elf'
'Invoking: ARM v7 gcc linker'
arm-none-eabi-gcc -mcpu=cortex-a9 -mfpu=vfpv3 -mfloat-abi=hard -Wl,-build-id=none -specs=Xilinx.spec -Wl,-T -Wl,../src/lscript.ld -L../../cnn_sdk_bsp/ps7_cortexa9_0/lib -o "cnn_sdk.elf"  ./src/helloworld.o ./src/platform.o   -Wl,--start-group,-lxil,-lgcc,-lc,--end-group
'Finished building target: cnn_sdk.elf'
' '
'Invoking: ARM v7 Print Size'
arm-none-eabi-size cnn_sdk.elf  |tee "cnn_sdk.elf.size"
   text	   data	    bss	    dec	    hex	filename
  75536	   2596	  23328	 101460	  18c54	cnn_sdk.elf
'Finished building: cnn_sdk.elf.size'
' '
16:47:59 **** Auto Build of configuration Debug for project cnn_sdk ****
make pre-build main-build 
a9-linaro-pre-build-step
' '
'Building file: ../src/helloworld.c'
'Invoking: ARM v7 gcc compiler'
arm-none-eabi-gcc -Wall -O0 -g3 -c -fmessage-length=0 -MT"src/helloworld.o" -mcpu=cortex-a9 -mfpu=vfpv3 -mfloat-abi=hard -I../../cnn_sdk_bsp/ps7_cortexa9_0/include -MMD -MP -MF"src/helloworld.d" -MT"src/helloworld.o" -o "src/helloworld.o" "../src/helloworld.c"
'Finished building: ../src/helloworld.c'
' '
'Building target: cnn_sdk.elf'
'Invoking: ARM v7 gcc linker'
arm-none-eabi-gcc -mcpu=cortex-a9 -mfpu=vfpv3 -mfloat-abi=hard -Wl,-build-id=none -specs=Xilinx.spec -Wl,-T -Wl,../src/lscript.ld -L../../cnn_sdk_bsp/ps7_cortexa9_0/lib -o "cnn_sdk.elf"  ./src/helloworld.o ./src/platform.o   -Wl,--start-group,-lxil,-lgcc,-lc,--end-group
'Finished building target: cnn_sdk.elf'
' '
'Invoking: ARM v7 Print Size'
arm-none-eabi-size cnn_sdk.elf  |tee "cnn_sdk.elf.size"
   text	   data	    bss	    dec	    hex	filename
  75536	   2596	  23328	 101460	  18c54	cnn_sdk.elf
'Finished building: cnn_sdk.elf.size'
' '
16:48:04 **** Incremental Build of configuration Debug for project cnn_sdk ****
make pre-build main-build 
a9-linaro-pre-build-step
' '
make: Nothing to be done for 'main-build'.
16:49:35 **** Auto Build of configuration Debug for project cnn_sdk ****
make pre-build main-build 
a9-linaro-pre-build-step
' '
'Building file: ../src/helloworld.c'
'Invoking: ARM v7 gcc compiler'
arm-none-eabi-gcc -Wall -O0 -g3 -c -fmessage-length=0 -MT"src/helloworld.o" -mcpu=cortex-a9 -mfpu=vfpv3 -mfloat-abi=hard -I../../cnn_sdk_bsp/ps7_cortexa9_0/include -MMD -MP -MF"src/helloworld.d" -MT"src/helloworld.o" -o "src/helloworld.o" "../src/helloworld.c"
'Finished building: ../src/helloworld.c'
' '
'Building target: cnn_sdk.elf'
'Invoking: ARM v7 gcc linker'
arm-none-eabi-gcc -mcpu=cortex-a9 -mfpu=vfpv3 -mfloat-abi=hard -Wl,-build-id=none -specs=Xilinx.spec -Wl,-T -Wl,../src/lscript.ld -L../../cnn_sdk_bsp/ps7_cortexa9_0/lib -o "cnn_sdk.elf"  ./src/helloworld.o ./src/platform.o   -Wl,--start-group,-lxil,-lgcc,-lc,--end-group
'Finished building target: cnn_sdk.elf'
' '
'Invoking: ARM v7 Print Size'
arm-none-eabi-size cnn_sdk.elf  |tee "cnn_sdk.elf.size"
   text	   data	    bss	    dec	    hex	filename
  75536	   2596	  23328	 101460	  18c54	cnn_sdk.elf
'Finished building: cnn_sdk.elf.size'
' '
16:49:40 **** Incremental Build of configuration Debug for project cnn_sdk ****
make pre-build main-build 
a9-linaro-pre-build-step
' '
make: Nothing to be done for 'main-build'.
16:49:58 **** Incremental Build of configuration Debug for project cnn_sdk ****
make pre-build main-build 
a9-linaro-pre-build-step
' '
make: Nothing to be done for 'main-build'.
16:50:54 **** Auto Build of configuration Debug for project cnn_sdk ****
make pre-build main-build 
a9-linaro-pre-build-step
' '
'Building file: ../src/helloworld.c'
'Invoking: ARM v7 gcc compiler'
arm-none-eabi-gcc -Wall -O0 -g3 -c -fmessage-length=0 -MT"src/helloworld.o" -mcpu=cortex-a9 -mfpu=vfpv3 -mfloat-abi=hard -I../../cnn_sdk_bsp/ps7_cortexa9_0/include -MMD -MP -MF"src/helloworld.d" -MT"src/helloworld.o" -o "src/helloworld.o" "../src/helloworld.c"
'Finished building: ../src/helloworld.c'
' '
'Building target: cnn_sdk.elf'
'Invoking: ARM v7 gcc linker'
arm-none-eabi-gcc -mcpu=cortex-a9 -mfpu=vfpv3 -mfloat-abi=hard -Wl,-build-id=none -specs=Xilinx.spec -Wl,-T -Wl,../src/lscript.ld -L../../cnn_sdk_bsp/ps7_cortexa9_0/lib -o "cnn_sdk.elf"  ./src/helloworld.o ./src/platform.o   -Wl,--start-group,-lxil,-lgcc,-lc,--end-group
'Finished building target: cnn_sdk.elf'
' '
'Invoking: ARM v7 Print Size'
arm-none-eabi-size cnn_sdk.elf  |tee "cnn_sdk.elf.size"
   text	   data	    bss	    dec	    hex	filename
  75536	   2596	  23328	 101460	  18c54	cnn_sdk.elf
'Finished building: cnn_sdk.elf.size'
' '
16:50:57 **** Incremental Build of configuration Debug for project cnn_sdk ****
make pre-build main-build 
a9-linaro-pre-build-step
' '
make: Nothing to be done for 'main-build'.
16:51:13 **** Incremental Build of configuration Debug for project cnn_sdk ****
make pre-build main-build 
a9-linaro-pre-build-step
' '
make: Nothing to be done for 'main-build'.
16:55:18 **** Auto Build of configuration Debug for project cnn_sdk ****
make pre-build main-build 
a9-linaro-pre-build-step
' '
'Building file: ../src/helloworld.c'
'Invoking: ARM v7 gcc compiler'
arm-none-eabi-gcc -Wall -O0 -g3 -c -fmessage-length=0 -MT"src/helloworld.o" -mcpu=cortex-a9 -mfpu=vfpv3 -mfloat-abi=hard -I../../cnn_sdk_bsp/ps7_cortexa9_0/include -MMD -MP -MF"src/helloworld.d" -MT"src/helloworld.o" -o "src/helloworld.o" "../src/helloworld.c"
'Finished building: ../src/helloworld.c'
' '
'Building target: cnn_sdk.elf'
'Invoking: ARM v7 gcc linker'
arm-none-eabi-gcc -mcpu=cortex-a9 -mfpu=vfpv3 -mfloat-abi=hard -Wl,-build-id=none -specs=Xilinx.spec -Wl,-T -Wl,../src/lscript.ld -L../../cnn_sdk_bsp/ps7_cortexa9_0/lib -o "cnn_sdk.elf"  ./src/helloworld.o ./src/platform.o   -Wl,--start-group,-lxil,-lgcc,-lc,--end-group
'Finished building target: cnn_sdk.elf'
' '
'Invoking: ARM v7 Print Size'
arm-none-eabi-size cnn_sdk.elf  |tee "cnn_sdk.elf.size"
   text	   data	    bss	    dec	    hex	filename
  75536	   2596	  23328	 101460	  18c54	cnn_sdk.elf
'Finished building: cnn_sdk.elf.size'
' '
16:55:27 **** Incremental Build of configuration Debug for project cnn_sdk ****
make pre-build main-build 
a9-linaro-pre-build-step
' '
make: Nothing to be done for 'main-build'.
16:56:43 **** Auto Build of configuration Debug for project cnn_sdk ****
make pre-build main-build 
a9-linaro-pre-build-step
' '
'Building file: ../src/helloworld.c'
'Invoking: ARM v7 gcc compiler'
arm-none-eabi-gcc -Wall -O0 -g3 -c -fmessage-length=0 -MT"src/helloworld.o" -mcpu=cortex-a9 -mfpu=vfpv3 -mfloat-abi=hard -I../../cnn_sdk_bsp/ps7_cortexa9_0/include -MMD -MP -MF"src/helloworld.d" -MT"src/helloworld.o" -o "src/helloworld.o" "../src/helloworld.c"
'Finished building: ../src/helloworld.c'
' '
'Building target: cnn_sdk.elf'
'Invoking: ARM v7 gcc linker'
arm-none-eabi-gcc -mcpu=cortex-a9 -mfpu=vfpv3 -mfloat-abi=hard -Wl,-build-id=none -specs=Xilinx.spec -Wl,-T -Wl,../src/lscript.ld -L../../cnn_sdk_bsp/ps7_cortexa9_0/lib -o "cnn_sdk.elf"  ./src/helloworld.o ./src/platform.o   -Wl,--start-group,-lxil,-lgcc,-lc,--end-group
'Finished building target: cnn_sdk.elf'
' '
'Invoking: ARM v7 Print Size'
arm-none-eabi-size cnn_sdk.elf  |tee "cnn_sdk.elf.size"
   text	   data	    bss	    dec	    hex	filename
  75600	   2596	  23328	 101524	  18c94	cnn_sdk.elf
'Finished building: cnn_sdk.elf.size'
' '
16:56:52 **** Incremental Build of configuration Debug for project cnn_sdk ****
make pre-build main-build 
a9-linaro-pre-build-step
' '
make: Nothing to be done for 'main-build'.
16:57:08 **** Incremental Build of configuration Debug for project cnn_sdk ****
make pre-build main-build 
a9-linaro-pre-build-step
' '
make: Nothing to be done for 'main-build'.
16:57:54 **** Auto Build of configuration Debug for project cnn_sdk ****
make pre-build main-build 
a9-linaro-pre-build-step
' '
'Building file: ../src/helloworld.c'
'Invoking: ARM v7 gcc compiler'
arm-none-eabi-gcc -Wall -O0 -g3 -c -fmessage-length=0 -MT"src/helloworld.o" -mcpu=cortex-a9 -mfpu=vfpv3 -mfloat-abi=hard -I../../cnn_sdk_bsp/ps7_cortexa9_0/include -MMD -MP -MF"src/helloworld.d" -MT"src/helloworld.o" -o "src/helloworld.o" "../src/helloworld.c"
'Finished building: ../src/helloworld.c'
' '
'Building target: cnn_sdk.elf'
'Invoking: ARM v7 gcc linker'
arm-none-eabi-gcc -mcpu=cortex-a9 -mfpu=vfpv3 -mfloat-abi=hard -Wl,-build-id=none -specs=Xilinx.spec -Wl,-T -Wl,../src/lscript.ld -L../../cnn_sdk_bsp/ps7_cortexa9_0/lib -o "cnn_sdk.elf"  ./src/helloworld.o ./src/platform.o   -Wl,--start-group,-lxil,-lgcc,-lc,--end-group
'Finished building target: cnn_sdk.elf'
' '
'Invoking: ARM v7 Print Size'
arm-none-eabi-size cnn_sdk.elf  |tee "cnn_sdk.elf.size"
   text	   data	    bss	    dec	    hex	filename
  75600	   2596	  23328	 101524	  18c94	cnn_sdk.elf
'Finished building: cnn_sdk.elf.size'
' '
16:57:58 **** Incremental Build of configuration Debug for project cnn_sdk ****
make pre-build main-build 
a9-linaro-pre-build-step
' '
make: Nothing to be done for 'main-build'.
16:59:09 **** Auto Build of configuration Debug for project cnn_sdk ****
make pre-build main-build 
a9-linaro-pre-build-step
' '
'Building file: ../src/helloworld.c'
'Invoking: ARM v7 gcc compiler'
arm-none-eabi-gcc -Wall -O0 -g3 -c -fmessage-length=0 -MT"src/helloworld.o" -mcpu=cortex-a9 -mfpu=vfpv3 -mfloat-abi=hard -I../../cnn_sdk_bsp/ps7_cortexa9_0/include -MMD -MP -MF"src/helloworld.d" -MT"src/helloworld.o" -o "src/helloworld.o" "../src/helloworld.c"
'Finished building: ../src/helloworld.c'
' '
'Building target: cnn_sdk.elf'
'Invoking: ARM v7 gcc linker'
arm-none-eabi-gcc -mcpu=cortex-a9 -mfpu=vfpv3 -mfloat-abi=hard -Wl,-build-id=none -specs=Xilinx.spec -Wl,-T -Wl,../src/lscript.ld -L../../cnn_sdk_bsp/ps7_cortexa9_0/lib -o "cnn_sdk.elf"  ./src/helloworld.o ./src/platform.o   -Wl,--start-group,-lxil,-lgcc,-lc,--end-group
'Finished building target: cnn_sdk.elf'
' '
'Invoking: ARM v7 Print Size'
arm-none-eabi-size cnn_sdk.elf  |tee "cnn_sdk.elf.size"
   text	   data	    bss	    dec	    hex	filename
  75600	   2596	  23328	 101524	  18c94	cnn_sdk.elf
'Finished building: cnn_sdk.elf.size'
' '
16:59:12 **** Incremental Build of configuration Debug for project cnn_sdk ****
make pre-build main-build 
a9-linaro-pre-build-step
' '
make: Nothing to be done for 'main-build'.
16:59:23 **** Incremental Build of configuration Debug for project cnn_sdk ****
make pre-build main-build 
a9-linaro-pre-build-step
' '
make: Nothing to be done for 'main-build'.
16:59:54 **** Incremental Build of configuration Debug for project cnn_sdk ****
make pre-build main-build 
a9-linaro-pre-build-step
' '
make: Nothing to be done for 'main-build'.
17:00:27 **** Incremental Build of configuration Debug for project cnn_sdk ****
make pre-build main-build 
a9-linaro-pre-build-step
' '
make: Nothing to be done for 'main-build'.
17:01:06 **** Incremental Build of configuration Debug for project cnn_sdk ****
make pre-build main-build 
a9-linaro-pre-build-step
' '
make: Nothing to be done for 'main-build'.
17:01:21 **** Incremental Build of configuration Debug for project cnn_sdk ****
make pre-build main-build 
a9-linaro-pre-build-step
' '
make: Nothing to be done for 'main-build'.
17:07:44 **** Auto Build of configuration Debug for project cnn_sdk ****
make pre-build main-build 
a9-linaro-pre-build-step
' '
'Building file: ../src/helloworld.c'
'Invoking: ARM v7 gcc compiler'
arm-none-eabi-gcc -Wall -O0 -g3 -c -fmessage-length=0 -MT"src/helloworld.o" -mcpu=cortex-a9 -mfpu=vfpv3 -mfloat-abi=hard -I../../cnn_sdk_bsp/ps7_cortexa9_0/include -MMD -MP -MF"src/helloworld.d" -MT"src/helloworld.o" -o "src/helloworld.o" "../src/helloworld.c"
'Finished building: ../src/helloworld.c'
' '
'Building target: cnn_sdk.elf'
'Invoking: ARM v7 gcc linker'
arm-none-eabi-gcc -mcpu=cortex-a9 -mfpu=vfpv3 -mfloat-abi=hard -Wl,-build-id=none -specs=Xilinx.spec -Wl,-T -Wl,../src/lscript.ld -L../../cnn_sdk_bsp/ps7_cortexa9_0/lib -o "cnn_sdk.elf"  ./src/helloworld.o ./src/platform.o   -Wl,--start-group,-lxil,-lgcc,-lc,--end-group
'Finished building target: cnn_sdk.elf'
' '
'Invoking: ARM v7 Print Size'
arm-none-eabi-size cnn_sdk.elf  |tee "cnn_sdk.elf.size"
   text	   data	    bss	    dec	    hex	filename
  79836	   2596	  23328	 105760	  19d20	cnn_sdk.elf
'Finished building: cnn_sdk.elf.size'
' '
17:07:57 **** Incremental Build of configuration Debug for project cnn_sdk ****
make pre-build main-build 
a9-linaro-pre-build-step
' '
make: Nothing to be done for 'main-build'.
17:08:56 **** Auto Build of configuration Debug for project cnn_sdk ****
make pre-build main-build 
a9-linaro-pre-build-step
' '
'Building file: ../src/helloworld.c'
'Invoking: ARM v7 gcc compiler'
arm-none-eabi-gcc -Wall -O0 -g3 -c -fmessage-length=0 -MT"src/helloworld.o" -mcpu=cortex-a9 -mfpu=vfpv3 -mfloat-abi=hard -I../../cnn_sdk_bsp/ps7_cortexa9_0/include -MMD -MP -MF"src/helloworld.d" -MT"src/helloworld.o" -o "src/helloworld.o" "../src/helloworld.c"
'Finished building: ../src/helloworld.c'
' '
'Building target: cnn_sdk.elf'
'Invoking: ARM v7 gcc linker'
arm-none-eabi-gcc -mcpu=cortex-a9 -mfpu=vfpv3 -mfloat-abi=hard -Wl,-build-id=none -specs=Xilinx.spec -Wl,-T -Wl,../src/lscript.ld -L../../cnn_sdk_bsp/ps7_cortexa9_0/lib -o "cnn_sdk.elf"  ./src/helloworld.o ./src/platform.o   -Wl,--start-group,-lxil,-lgcc,-lc,--end-group
'Finished building target: cnn_sdk.elf'
' '
'Invoking: ARM v7 Print Size'
arm-none-eabi-size cnn_sdk.elf  |tee "cnn_sdk.elf.size"
   text	   data	    bss	    dec	    hex	filename
  79836	   2596	  23328	 105760	  19d20	cnn_sdk.elf
'Finished building: cnn_sdk.elf.size'
' '
17:09:12 **** Incremental Build of configuration Debug for project cnn_sdk ****
make pre-build main-build 
a9-linaro-pre-build-step
' '
make: Nothing to be done for 'main-build'.
17:20:58 **** Auto Build of configuration Debug for project cnn_sdk ****
make pre-build main-build 
a9-linaro-pre-build-step
' '
'Building file: ../src/helloworld.c'
'Invoking: ARM v7 gcc compiler'
arm-none-eabi-gcc -Wall -O0 -g3 -c -fmessage-length=0 -MT"src/helloworld.o" -mcpu=cortex-a9 -mfpu=vfpv3 -mfloat-abi=hard -I../../cnn_sdk_bsp/ps7_cortexa9_0/include -MMD -MP -MF"src/helloworld.d" -MT"src/helloworld.o" -o "src/helloworld.o" "../src/helloworld.c"
'Finished building: ../src/helloworld.c'
' '
'Building target: cnn_sdk.elf'
'Invoking: ARM v7 gcc linker'
arm-none-eabi-gcc -mcpu=cortex-a9 -mfpu=vfpv3 -mfloat-abi=hard -Wl,-build-id=none -specs=Xilinx.spec -Wl,-T -Wl,../src/lscript.ld -L../../cnn_sdk_bsp/ps7_cortexa9_0/lib -o "cnn_sdk.elf"  ./src/helloworld.o ./src/platform.o   -Wl,--start-group,-lxil,-lgcc,-lc,--end-group
'Finished building target: cnn_sdk.elf'
' '
'Invoking: ARM v7 Print Size'
arm-none-eabi-size cnn_sdk.elf  |tee "cnn_sdk.elf.size"
   text	   data	    bss	    dec	    hex	filename
  79916	   2596	  23328	 105840	  19d70	cnn_sdk.elf
'Finished building: cnn_sdk.elf.size'
' '
17:21:20 **** Incremental Build of configuration Debug for project cnn_sdk ****
make pre-build main-build 
a9-linaro-pre-build-step
' '
make: Nothing to be done for 'main-build'.
17:22:00 **** Incremental Build of configuration Debug for project cnn_sdk ****
make pre-build main-build 
a9-linaro-pre-build-step
' '
make: Nothing to be done for 'main-build'.
